Let('let') @ 1:1
Ident('arr') @ 1:5
Assign('=') @ 1:9
LBracket('[') @ 1:11
Int('1') @ 1:12
Comma(',') @ 1:13
Int('2') @ 1:15
Comma(',') @ 1:16
Int('3') @ 1:18
RBracket(']') @ 1:19
Semicolon(';') @ 1:20
LBrace('{') @ 2:1
String('x') @ 2:2
Colon(':') @ 2:5
Ident('arr') @ 2:7
LBracket('[') @ 2:10
Int('0') @ 2:11
RBracket(']') @ 2:12
RBrace('}') @ 2:13
Semicolon(';') @ 2:14
Eof('') @ 3:1
