If('if') @ 1:1
LParen('(') @ 1:4
Ident('a') @ 1:5
Lt('<') @ 1:7
Int('2') @ 1:9
RParen(')') @ 1:10
LBrace('{') @ 1:12
Ident('a') @ 1:14
RBrace('}') @ 1:16
Else('else') @ 1:18
LBrace('{') @ 1:23
Int('3') @ 1:25
RBrace('}') @ 1:27
While('while') @ 2:1
LParen('(') @ 2:7
Ident('a') @ 2:8
Lt('<') @ 2:10
Int('10') @ 2:12
RParen(')') @ 2:14
LBrace('{') @ 2:16
Continue('continue') @ 2:18
Semicolon(';') @ 2:26
RBrace('}') @ 2:28
Eof('') @ 3:1
