Let('let') @ 1:1
Ident('add') @ 1:5
Assign('=') @ 1:9
Function('fn') @ 1:11
LParen('(') @ 1:13
Ident('a') @ 1:14
Comma(',') @ 1:15
Ident('b') @ 1:17
RParen(')') @ 1:18
LBrace('{') @ 1:20
Ident('a') @ 1:22
Plus('+') @ 1:24
Ident('b') @ 1:26
RBrace('}') @ 1:28
Semicolon(';') @ 1:29
Ident('add') @ 2:1
LParen('(') @ 2:4
Int('1') @ 2:5
Comma(',') @ 2:6
Int('2') @ 2:8
RParen(')') @ 2:9
Semicolon(';') @ 2:10
Eof('') @ 3:1
